[    0.000000] Initializing cgroup subsys cpuset
[    0.000000] Initializing cgroup subsys cpu
[    0.000000] Initializing cgroup subsys cpuacct
[    0.000000] Linux version 3.16.0-23-generic (buildd@kissel) (gcc version 4.9.1 (Ubuntu 4.9.1-16ubuntu6) ) #31-Ubuntu SMP Tue Oct 21 18:00:35 UTC 2014 (Ubuntu 3.16.0-23.31-generic 3.16.4)
[    0.000000] KERNEL supported cpus:
[    0.000000]   Intel GenuineIntel
[    0.000000]   AMD AuthenticAMD
[    0.000000]   NSC Geode by NSC
[    0.000000]   Cyrix CyrixInstead
[    0.000000]   Centaur CentaurHauls
[    0.000000]   Transmeta GenuineTMx86
[    0.000000]   Transmeta TransmetaCPU
[    0.000000]   UMC UMC UMC UMC
[    0.000000] e820: BIOS-provided physical RAM map:
[    0.000000] BIOS-e820: [mem 0x0000000000000000-0x000000000009c3ff] usable
[    0.000000] BIOS-e820: [mem 0x000000000009c400-0x000000000009ffff] reserved
[    0.000000] BIOS-e820: [mem 0x00000000000dc000-0x00000000000fffff] reserved
[    0.000000] BIOS-e820: [mem 0x0000000000100000-0x000000007327bfff] usable
[    0.000000] BIOS-e820: [mem 0x000000007327c000-0x0000000073281fff] reserved
[    0.000000] BIOS-e820: [mem 0x0000000073282000-0x00000000733e4fff] usable
[    0.000000] BIOS-e820: [mem 0x00000000733e5000-0x000000007340efff] reserved
[    0.000000] BIOS-e820: [mem 0x000000007340f000-0x000000007346efff] usable
[    0.000000] BIOS-e820: [mem 0x000000007346f000-0x000000007346ffff] reserved
[    0.000000] BIOS-e820: [mem 0x0000000073470000-0x00000000734f0fff] ACPI NVS
[    0.000000] BIOS-e820: [mem 0x00000000734f1000-0x000000007370efff] reserved
[    0.000000] BIOS-e820: [mem 0x000000007370f000-0x0000000073716fff] usable
[    0.000000] BIOS-e820: [mem 0x0000000073717000-0x000000007371efff] reserved
[    0.000000] BIOS-e820: [mem 0x000000007371f000-0x000000007377dfff] usable
[    0.000000] BIOS-e820: [mem 0x000000007377e000-0x000000007379efff] ACPI NVS
[    0.000000] BIOS-e820: [mem 0x000000007379f000-0x00000000737dffff] usable
[    0.000000] BIOS-e820: [mem 0x00000000737e0000-0x00000000737fefff] ACPI data
[    0.000000] BIOS-e820: [mem 0x00000000737ff000-0x00000000737fffff] usable
[    0.000000] BIOS-e820: [mem 0x0000000073800000-0x000000007bffffff] reserved
[    0.000000] BIOS-e820: [mem 0x00000000e0000000-0x00000000efffffff] reserved
[    0.000000] BIOS-e820: [mem 0x00000000f280a000-0x00000000f280afff] reserved
[    0.000000] BIOS-e820: [mem 0x00000000feaff000-0x00000000feafffff] reserved
[    0.000000] BIOS-e820: [mem 0x00000000fec00000-0x00000000fec0ffff] reserved
[    0.000000] BIOS-e820: [mem 0x00000000fed00000-0x00000000fed003ff] reserved
[    0.000000] BIOS-e820: [mem 0x00000000fed1c000-0x00000000fed8ffff] reserved
[    0.000000] BIOS-e820: [mem 0x00000000fee00000-0x00000000fee00fff] reserved
[    0.000000] BIOS-e820: [mem 0x00000000ff000000-0x00000000ffffffff] reserved
[    0.000000] NX (Execute Disable) protection: active
[    0.000000] SMBIOS 2.6 present.
[    0.000000] DMI: LENOVO INVALID/MoutCook, BIOS 2ECN28WW        07/28/2010
[    0.000000] e820: update [mem 0x00000000-0x00000fff] usable ==> reserved
[    0.000000] e820: remove [mem 0x000a0000-0x000fffff] usable
[    0.000000] e820: last_pfn = 0x73800 max_arch_pfn = 0x1000000
[    0.000000] MTRR default type: uncachable
[    0.000000] MTRR fixed ranges enabled:
[    0.000000]   00000-9FFFF write-back
[    0.000000]   A0000-BFFFF uncachable
[    0.000000]   C0000-D3FFF write-protect
[    0.000000]   D4000-DBFFF uncachable
[    0.000000]   DC000-FFFFF write-through
[    0.000000] MTRR variable ranges enabled:
[    0.000000]   0 disabled
[    0.000000]   1 base 074000000 mask FFC000000 uncachable
[    0.000000]   2 base 078000000 mask FF8000000 uncachable
[    0.000000]   3 base 000000000 mask F80000000 write-back
[    0.000000]   4 disabled
[    0.000000]   5 disabled
[    0.000000]   6 disabled
[    0.000000]   7 disabled
[    0.000000] x86 PAT enabled: cpu 0, old 0x7040600070406, new 0x7010600070106
[    0.000000] original variable MTRRs
[    0.000000] reg 1, base: 1856MB, range: 64MB, type UC
[    0.000000] reg 2, base: 1920MB, range: 128MB, type UC
[    0.000000] reg 3, base: 0GB, range: 2GB, type WB
[    0.000000] total RAM covered: 1856M
[    0.000000] Found optimal setting for mtrr clean up
[    0.000000]  gran_size: 64K 	chunk_size: 256M 	num_reg: 3  	lose cover RAM: 0G
[    0.000000] New variable MTRRs
[    0.000000] reg 0, base: 0GB, range: 2GB, type WB
[    0.000000] reg 1, base: 1856MB, range: 64MB, type UC
[    0.000000] reg 2, base: 1920MB, range: 128MB, type UC
[    0.000000] found SMP MP-table at [mem 0x000f6970-0x000f697f] mapped at [c00f6970]
[    0.000000] Scanning 1 areas for low memory corruption
[    0.000000] initial memory mapped: [mem 0x00000000-0x021fffff]
[    0.000000] Base memory trampoline at [c0098000] 98000 size 16384
[    0.000000] init_memory_mapping: [mem 0x00000000-0x000fffff]
[    0.000000]  [mem 0x00000000-0x000fffff] page 4k
[    0.000000] init_memory_mapping: [mem 0x37400000-0x375fffff]
[    0.000000]  [mem 0x37400000-0x375fffff] page 2M
[    0.000000] init_memory_mapping: [mem 0x34000000-0x373fffff]
[    0.000000]  [mem 0x34000000-0x373fffff] page 2M
[    0.000000] init_memory_mapping: [mem 0x00100000-0x33ffffff]
[    0.000000]  [mem 0x00100000-0x001fffff] page 4k
[    0.000000]  [mem 0x00200000-0x33ffffff] page 2M
[    0.000000] init_memory_mapping: [mem 0x37600000-0x377fdfff]
[    0.000000]  [mem 0x37600000-0x377fdfff] page 4k
[    0.000000] BRK [0x01c03000, 0x01c03fff] PGTABLE
[    0.000000] BRK [0x01c04000, 0x01c04fff] PGTABLE
[    0.000000] RAMDISK: [mem 0x359ba000-0x36cd4fff]
[    0.000000] ACPI: Early table checksum verification disabled
[    0.000000] ACPI: RSDP 0x000F68E0 000024 (v02 LENOVO)
[    0.000000] ACPI: XSDT 0x737F25D1 00006C (v01 LENOVO CB-01    06040000  LTP 00000000)
[    0.000000] ACPI: FACP 0x737E2000 0000F4 (v03 INTEL  CALPELLA 06040000 PTEC 00000001)
[    0.000000] ACPI: DSDT 0x737E3000 00C4B9 (v02 Intel  CALPELLA 06040000 INTL 20060912)
[    0.000000] ACPI: FACS 0x7379AFC0 000040
[    0.000000] ACPI: HPET 0x737FEC96 000038 (v01 INTEL  CALPELLA 06040000 PTEC 00000001)
[    0.000000] ACPI: MCFG 0x737FECCE 00003C (v01 INTEL  CALPELLA 06040000 PTEC 00000001)
[    0.000000] ACPI: SLIC 0x737FED0A 000176 (v01 LENOVO CB-01    06040000 LNVO 00000001)
[    0.000000] ACPI: APIC 0x737FEE80 000068 (v01 PTLTD  ? APIC   06040000  LTP 00000000)
[    0.000000] ACPI: BOOT 0x737FEEE8 000028 (v01 PTLTD  $SBFTBL$ 06040000  LTP 00000001)
[    0.000000] ACPI: SPCR 0x737FEF10 000050 (v01 PTLTD  $UCRTBL$ 06040000 PTL  00000001)
[    0.000000] ACPI: ASF! 0x737FEF60 0000A0 (v16   CETP     CETP 06040000 PTL  00000001)
[    0.000000] ACPI: SSDT 0x737E1000 0009F1 (v01 PmRef  CpuPm    00003000 INTL 20051117)
[    0.000000] ACPI: Local APIC address 0xfee00000
[    0.000000] 960MB HIGHMEM available.
[    0.000000] 887MB LOWMEM available.
[    0.000000]   mapped low ram: 0 - 377fe000
[    0.000000]   low ram: 0 - 377fe000
[    0.000000] BRK [0x01c05000, 0x01c05fff] PGTABLE
[    0.000000] Zone ranges:
[    0.000000]   DMA      [mem 0x00001000-0x00ffffff]
[    0.000000]   Normal   [mem 0x01000000-0x377fdfff]
[    0.000000]   HighMem  [mem 0x377fe000-0x737fffff]
[    0.000000] Movable zone start for each node
[    0.000000] Early memory node ranges
[    0.000000]   node   0: [mem 0x00001000-0x0009bfff]
[    0.000000]   node   0: [mem 0x00100000-0x7327bfff]
[    0.000000]   node   0: [mem 0x73282000-0x733e4fff]
[    0.000000]   node   0: [mem 0x7340f000-0x7346efff]
[    0.000000]   node   0: [mem 0x7370f000-0x73716fff]
[    0.000000]   node   0: [mem 0x7371f000-0x7377dfff]
[    0.000000]   node   0: [mem 0x7379f000-0x737dffff]
[    0.000000]   node   0: [mem 0x737ff000-0x737fffff]
[    0.000000] On node 0 totalpages: 472195
[    0.000000]   DMA zone: 32 pages used for memmap
[    0.000000]   DMA zone: 0 pages reserved
[    0.000000]   DMA zone: 3995 pages, LIFO batch:0
[    0.000000]   Normal zone: 1744 pages used for memmap
[    0.000000]   Normal zone: 223230 pages, LIFO batch:31
[    0.000000]   HighMem zone: 1921 pages used for memmap
[    0.000000]   HighMem zone: 244970 pages, LIFO batch:31
[    0.000000] Using APIC driver default
[    0.000000] Reserving Intel graphics stolen memory at 0x78000000-0x7bffffff
[    0.000000] ACPI: PM-Timer IO Port: 0x408
[    0.000000] ACPI: Local APIC address 0xfee00000
[    0.000000] ACPI: LAPIC (acpi_id[0x00] lapic_id[0x00] enabled)
[    0.000000] ACPI: LAPIC (acpi_id[0x01] lapic_id[0x04] enabled)
[    0.000000] ACPI: LAPIC_NMI (acpi_id[0x00] high edge lint[0x1])
[    0.000000] ACPI: LAPIC_NMI (acpi_id[0x01] high edge lint[0x1])
[    0.000000] ACPI: IOAPIC (id[0x01] address[0xfec00000] gsi_base[0])
[    0.000000] IOAPIC[0]: apic_id 1, version 32, address 0xfec00000, GSI 0-23
[    0.000000] ACPI: INT_SRC_OVR (bus 0 bus_irq 0 global_irq 2 high edge)
[    0.000000] ACPI: INT_SRC_OVR (bus 0 bus_irq 9 global_irq 9 high level)
[    0.000000] ACPI: IRQ0 used by override.
[    0.000000] ACPI: IRQ2 used by override.
[    0.000000] ACPI: IRQ9 used by override.
[    0.000000] Using ACPI (MADT) for SMP configuration information
[    0.000000] ACPI: HPET id: 0x8086a701 base: 0xfed00000
[    0.000000] smpboot: Allowing 2 CPUs, 0 hotplug CPUs
[    0.000000] nr_irqs_gsi: 40
[    0.000000] PM: Registered nosave memory: [mem 0x0009c000-0x0009cfff]
[    0.000000] PM: Registered nosave memory: [mem 0x0009d000-0x0009ffff]
[    0.000000] PM: Registered nosave memory: [mem 0x000a0000-0x000dbfff]
[    0.000000] PM: Registered nosave memory: [mem 0x000dc000-0x000fffff]
[    0.000000] e820: [mem 0x7c000000-0xdfffffff] available for PCI devices
[    0.000000] Booting paravirtualized kernel on bare hardware
[    0.000000] setup_percpu: NR_CPUS:8 nr_cpumask_bits:8 nr_cpu_ids:2 nr_node_ids:1
[    0.000000] PERCPU: Embedded 14 pages/cpu @f6fbb000 s36480 r0 d20864 u57344
[    0.000000] pcpu-alloc: s36480 r0 d20864 u57344 alloc=14*4096
[    0.000000] pcpu-alloc: [0] 0 [0] 1 
[    0.000000] Built 1 zonelists in Zone order, mobility grouping on.  Total pages: 470419
[    0.000000] Kernel command line: BOOT_IMAGE=/vmlinuz-3.16.0-23-generic root=UUID=8614cf62-37c9-4ab8-8f59-bb239be9945e ro quiet splash vt.handoff=7
[    0.000000] PID hash table entries: 4096 (order: 2, 16384 bytes)
[    0.000000] Dentry cache hash table entries: 131072 (order: 7, 524288 bytes)
[    0.000000] Inode-cache hash table entries: 65536 (order: 6, 262144 bytes)
[    0.000000] Initializing CPU#0
[    0.000000] Initializing HighMem for node 0 (000377fe:00073800)
[    0.000000] Initializing Movable for node 0 (00000000:00000000)
[    0.000000] Memory: 1839384K/1888780K available (6931K kernel code, 692K rwdata, 2908K rodata, 848K init, 796K bss, 49396K reserved, 979880K highmem)
[    0.000000] virtual kernel memory layout:
    fixmap  : 0xfff15000 - 0xfffff000   ( 936 kB)
    pkmap   : 0xff800000 - 0xffa00000   (2048 kB)
    vmalloc : 0xf7ffe000 - 0xff7fe000   ( 120 MB)
    lowmem  : 0xc0000000 - 0xf77fe000   ( 887 MB)
      .init : 0xc1a4d000 - 0xc1b21000   ( 848 kB)
      .data : 0xc16c526e - 0xc1a4b280   (3608 kB)
      .text : 0xc1000000 - 0xc16c526e   (6932 kB)
[    0.000000] Checking if this processor honours the WP bit even in supervisor mode...Ok.
[    0.000000] SLUB: HWalign=64, Order=0-3, MinObjects=0, CPUs=2, Nodes=1
[    0.000000] Hierarchical RCU implementation.
[    0.000000] 	RCU dyntick-idle grace-period acceleration is enabled.
[    0.000000] 	RCU restricting CPUs from NR_CPUS=8 to nr_cpu_ids=2.
[    0.000000] RCU: Adjusting geometry for rcu_fanout_leaf=16, nr_cpu_ids=2
[    0.000000] NR_IRQS:2304 nr_irqs:512 16
[    0.000000] CPU 0 irqstacks, hard=f4c08000 soft=f4c0a000
[    0.000000] vt handoff: transparent VT on vt#7
[    0.000000] Console: colour dummy device 80x25
[    0.000000] console [tty0] enabled
[    0.000000] allocated 4194304 bytes of page_cgroup
[    0.000000] please try 'cgroup_disable=memory' option if you don't want memory cgroups
[    0.000000] hpet clockevent registered
[    0.000000] tsc: Fast TSC calibration using PIT
[    0.000000] tsc: Detected 1995.058 MHz processor
[    0.000041] Calibrating delay loop (skipped), value calculated using timer frequency.. 3990.11 BogoMIPS (lpj=7980232)
[    0.000045] pid_max: default: 32768 minimum: 301
[    0.000053] ACPI: Core revision 20140424
[    0.011189] ACPI: All ACPI Tables successfully acquired
[    0.024406] Security Framework initialized
[    0.024425] AppArmor: AppArmor initialized
[    0.024427] Yama: becoming mindful.
[    0.024479] Mount-cache hash table entries: 2048 (order: 1, 8192 bytes)
[    0.024482] Mountpoint-cache hash table entries: 2048 (order: 1, 8192 bytes)
[    0.024718] Initializing cgroup subsys memory
[    0.024746] Initializing cgroup subsys devices
[    0.024754] Initializing cgroup subsys freezer
[    0.024758] Initializing cgroup subsys net_cls
[    0.024763] Initializing cgroup subsys blkio
[    0.024768] Initializing cgroup subsys perf_event
[    0.024771] Initializing cgroup subsys net_prio
[    0.024778] Initializing cgroup subsys hugetlb
[    0.024802] CPU: Physical Processor ID: 0
[    0.024804] CPU: Processor Core ID: 0
[    0.024809] mce: CPU supports 9 MCE banks
[    0.024821] CPU0: Thermal monitoring enabled (TM1)
[    0.024834] Last level iTLB entries: 4KB 512, 2MB 7, 4MB 7
Last level dTLB entries: 4KB 512, 2MB 32, 4MB 32, 1GB 0
tlb_flushall_shift: 6
[    0.025354] Freeing SMP alternatives memory: 36K (c1b21000 - c1b2a000)
[    0.026514] ftrace: allocating 28617 entries in 56 pages
[    0.042452] Enabling APIC mode:  Flat.  Using 1 I/O APICs
[    0.042956] ..TIMER: vector=0x30 apic1=0 pin1=2 apic2=-1 pin2=-1
[    0.082620] smpboot: CPU0: Intel(R) Pentium(R) CPU        P6100  @ 2.00GHz (fam: 06, model: 25, stepping: 05)
[    0.188132] Performance Events: PEBS fmt1+, 16-deep LBR, Westmere events, Intel PMU driver.
[    0.188155] perf_event_intel: CPUID marked event: 'bus cycles' unavailable
[    0.188158] ... version:                3
[    0.188159] ... bit width:              48
[    0.188161] ... generic registers:      4
[    0.188162] ... value mask:             0000ffffffffffff
[    0.188163] ... max period:             000000007fffffff
[    0.188165] ... fixed-purpose events:   3
[    0.188166] ... event mask:             000000070000000f
[    0.190083] CPU 1 irqstacks, hard=f455a000 soft=f455c000
[    0.190085] x86: Booting SMP configuration:
[    0.190087] .... node  #0, CPUs:      #1
[    0.200276] Initializing CPU#1
[    0.203247] x86: Booted up 1 node, 2 CPUs
[    0.203251] smpboot: Total of 2 processors activated (7980.23 BogoMIPS)
[    0.203341] NMI watchdog: enabled on all CPUs, permanently consumes one hw-PMU counter.
[    0.204656] devtmpfs: initialized
[    0.205023] evm: security.selinux
[    0.205025] evm: security.SMACK64
[    0.205026] evm: security.SMACK64EXEC
[    0.205027] evm: security.SMACK64TRANSMUTE
[    0.205028] evm: security.SMACK64MMAP
[    0.205030] evm: security.ima
[    0.205031] evm: security.capability
[    0.205138] PM: Registering ACPI NVS region [mem 0x73470000-0x734f0fff] (528384 bytes)
[    0.205152] PM: Registering ACPI NVS region [mem 0x7377e000-0x7379efff] (135168 bytes)
[    0.206428] pinctrl core: initialized pinctrl subsystem
[    0.206532] regulator-dummy: no parameters
[    0.206573] RTC time:  1:08:12, date: 10/03/15
[    0.206637] NET: Registered protocol family 16
[    0.206861] EISA bus registered
[    0.206865] cpuidle: using governor ladder
[    0.206868] cpuidle: using governor menu
[    0.206969] ACPI: bus type PCI registered
[    0.206972] acpiphp: ACPI Hot Plug PCI Controller Driver version: 0.5
[    0.207071] PCI: MMCONFIG for domain 0000 [bus 00-ff] at [mem 0xe0000000-0xefffffff] (base 0xe0000000)
[    0.207074] PCI: MMCONFIG at [mem 0xe0000000-0xefffffff] reserved in E820
[    0.207076] PCI: Using MMCONFIG for extended config space
[    0.207077] PCI: Using configuration type 1 for base access
[    0.219739] ACPI: Added _OSI(Module Device)
[    0.219742] ACPI: Added _OSI(Processor Device)
[    0.219744] ACPI: Added _OSI(3.0 _SCP Extensions)
[    0.219746] ACPI: Added _OSI(Processor Aggregator Device)
[    0.228510] [Firmware Bug]: ACPI: BIOS _OSI(Linux) query ignored
[    0.228855] ACPI: Dynamic OEM Table Load:
[    0.228862] ACPI: SSDT 0xF461D400 00036C (v01 PmRef  Cpu0Ist  00003000 INTL 20051117)
[    0.229524] ACPI: Dynamic OEM Table Load:
[    0.229531] ACPI: SSDT 0xF4568000 000891 (v01 PmRef  Cpu0Cst  00003001 INTL 20051117)
[    0.251551] ACPI: Dynamic OEM Table Load:
[    0.251558] ACPI: SSDT 0xF4562C00 000303 (v01 PmRef  ApIst    00003000 INTL 20051117)
[    0.263336] ACPI: Dynamic OEM Table Load:
[    0.263342] ACPI: SSDT 0xF45CFE00 000119 (v01 PmRef  ApCst    00003000 INTL 20051117)
[    0.320721] ACPI: Interpreter enabled
[    0.320733] ACPI Exception: AE_NOT_FOUND, While evaluating Sleep State [\_S1_] (20140424/hwxface-580)
[    0.320738] ACPI Exception: AE_NOT_FOUND, While evaluating Sleep State [\_S2_] (20140424/hwxface-580)
[    0.320757] ACPI: (supports S0 S3 S4 S5)
[    0.320759] ACPI: Using IOAPIC for interrupt routing
[    0.320793] PCI: Using host bridge windows from ACPI; if necessary, use "pci=nocrs" and report a bug
[    0.341523] ACPI: PCI Root Bridge [PCI0] (domain 0000 [bus 00-fe])
[    0.341530] acpi PNP0A08:00: _OSC: OS supports [ExtendedConfig ASPM ClockPM Segments MSI]
[    0.341575] \_SB_.PCI0:_OSC invalid UUID
[    0.341576] _OSC request data:1 1f 0 
[    0.341581] acpi PNP0A08:00: _OSC failed (AE_ERROR); disabling ASPM
[    0.342608] PCI host bridge to bus 0000:00
[    0.342612] pci_bus 0000:00: root bus resource [bus 00-fe]
[    0.342615] pci_bus 0000:00: root bus resource [io  0x0000-0x0cf7]
[    0.342617] pci_bus 0000:00: root bus resource [io  0x0d00-0xffff]
[    0.342620] pci_bus 0000:00: root bus resource [mem 0x000a0000-0x000bffff]
[    0.342622] pci_bus 0000:00: root bus resource [mem 0x000d4000-0x000d7fff]
[    0.342624] pci_bus 0000:00: root bus resource [mem 0x000d8000-0x000dbfff]
[    0.342627] pci_bus 0000:00: root bus resource [mem 0x7c000000-0xfeafffff]
[    0.342637] pci 0000:00:00.0: [8086:0044] type 00 class 0x060000
[    0.342660] DMAR: BIOS has allocated no shadow GTT; disabling IOMMU for graphics
[    0.342775] pci 0000:00:02.0: [8086:0046] type 00 class 0x030000
[    0.342790] pci 0000:00:02.0: reg 0x10: [mem 0xf2000000-0xf23fffff 64bit]
[    0.342798] pci 0000:00:02.0: reg 0x18: [mem 0xd0000000-0xdfffffff 64bit pref]
[    0.342804] pci 0000:00:02.0: reg 0x20: [io  0x1800-0x1807]
[    0.342963] pci 0000:00:16.0: [8086:3b64] type 00 class 0x078000
[    0.342999] pci 0000:00:16.0: reg 0x10: [mem 0xf2804000-0xf280400f 64bit]
[    0.343103] pci 0000:00:16.0: PME# supported from D0 D3hot D3cold
[    0.343241] pci 0000:00:1a.0: [8086:3b3c] type 00 class 0x0c0320
[    0.343270] pci 0000:00:1a.0: reg 0x10: [mem 0xf2806000-0xf28063ff]
[    0.343388] pci 0000:00:1a.0: PME# supported from D0 D3hot D3cold
[    0.343476] pci 0000:00:1a.0: System wakeup disabled by ACPI
[    0.343543] pci 0000:00:1b.0: [8086:3b56] type 00 class 0x040300
[    0.343571] pci 0000:00:1b.0: reg 0x10: [mem 0xf2800000-0xf2803fff 64bit]
[    0.343688] pci 0000:00:1b.0: PME# supported from D0 D3hot D3cold
[    0.343764] pci 0000:00:1b.0: System wakeup disabled by ACPI
[    0.343824] pci 0000:00:1c.0: [8086:3b42] type 01 class 0x060400
[    0.343939] pci 0000:00:1c.0: PME# supported from D0 D3hot D3cold
[    0.344023] pci 0000:00:1c.0: System wakeup disabled by ACPI
[    0.344083] pci 0000:00:1c.1: [8086:3b44] type 01 class 0x060400
[    0.344199] pci 0000:00:1c.1: PME# supported from D0 D3hot D3cold
[    0.344330] pci 0000:00:1c.3: [8086:3b48] type 01 class 0x060400
[    0.344447] pci 0000:00:1c.3: PME# supported from D0 D3hot D3cold
[    0.344588] pci 0000:00:1d.0: [8086:3b34] type 00 class 0x0c0320
[    0.344618] pci 0000:00:1d.0: reg 0x10: [mem 0xf2807000-0xf28073ff]
[    0.344737] pci 0000:00:1d.0: PME# supported from D0 D3hot D3cold
[    0.344822] pci 0000:00:1d.0: System wakeup disabled by ACPI
[    0.344882] pci 0000:00:1e.0: [8086:2448] type 01 class 0x060401
[    0.345021] pci 0000:00:1e.0: System wakeup disabled by ACPI
[    0.345080] pci 0000:00:1f.0: [8086:3b09] type 00 class 0x060100
[    0.345310] pci 0000:00:1f.2: [8086:3b29] type 00 class 0x010601
[    0.345341] pci 0000:00:1f.2: reg 0x10: [io  0x1818-0x181f]
[    0.345354] pci 0000:00:1f.2: reg 0x14: [io  0x180c-0x180f]
[    0.345366] pci 0000:00:1f.2: reg 0x18: [io  0x1810-0x1817]
[    0.345378] pci 0000:00:1f.2: reg 0x1c: [io  0x1808-0x180b]
[    0.345390] pci 0000:00:1f.2: reg 0x20: [io  0x1820-0x183f]
[    0.345402] pci 0000:00:1f.2: reg 0x24: [mem 0xf2808000-0xf28087ff]
[    0.345477] pci 0000:00:1f.2: PME# supported from D3hot
[    0.345597] pci 0000:00:1f.3: [8086:3b30] type 00 class 0x0c0500
[    0.345621] pci 0000:00:1f.3: reg 0x10: [mem 0xf2809000-0xf28090ff 64bit]
[    0.345654] pci 0000:00:1f.3: reg 0x20: [io  0x1840-0x185f]
[    0.345794] pci 0000:00:1f.6: [8086:3b32] type 00 class 0x118000
[    0.345826] pci 0000:00:1f.6: reg 0x10: [mem 0xf280a000-0xf280afff 64bit]
[    0.346129] pci 0000:03:00.0: [1969:1063] type 00 class 0x020000
[    0.346164] pci 0000:03:00.0: reg 0x10: [mem 0xf2400000-0xf243ffff 64bit]
[    0.346181] pci 0000:03:00.0: reg 0x18: [io  0x2000-0x207f]
[    0.346322] pci 0000:03:00.0: PME# supported from D0 D1 D2 D3hot D3cold
[    0.346359] pci 0000:03:00.0: System wakeup disabled by ACPI
[    0.352042] pci 0000:00:1c.0: PCI bridge to [bus 03]
[    0.352052] pci 0000:00:1c.0:   bridge window [io  0x2000-0x2fff]
[    0.352061] pci 0000:00:1c.0:   bridge window [mem 0xf2400000-0xf24fffff]
[    0.352233] pci 0000:04:00.0: [14e4:4727] type 00 class 0x028000
[    0.352270] pci 0000:04:00.0: reg 0x10: [mem 0xf2500000-0xf2503fff 64bit]
[    0.352472] pci 0000:04:00.0: supports D1 D2
[    0.352474] pci 0000:04:00.0: PME# supported from D0 D3hot D3cold
[    0.360065] pci 0000:00:1c.1: PCI bridge to [bus 04]
[    0.360080] pci 0000:00:1c.1:   bridge window [mem 0xf2500000-0xf25fffff]
[    0.360181] pci 0000:00:1c.3: PCI bridge to [bus 05-06]
[    0.360187] pci 0000:00:1c.3:   bridge window [io  0x3000-0x3fff]
[    0.360192] pci 0000:00:1c.3:   bridge window [mem 0xf1000000-0xf1ffffff]
[    0.360200] pci 0000:00:1c.3:   bridge window [mem 0xf0000000-0xf0ffffff 64bit pref]
[    0.360297] pci 0000:00:1e.0: PCI bridge to [bus 0f] (subtractive decode)
[    0.360312] pci 0000:00:1e.0:   bridge window [io  0x0000-0x0cf7] (subtractive decode)
[    0.360314] pci 0000:00:1e.0:   bridge window [io  0x0d00-0xffff] (subtractive decode)
[    0.360317] pci 0000:00:1e.0:   bridge window [mem 0x000a0000-0x000bffff] (subtractive decode)
[    0.360319] pci 0000:00:1e.0:   bridge window [mem 0x000d4000-0x000d7fff] (subtractive decode)
[    0.360321] pci 0000:00:1e.0:   bridge window [mem 0x000d8000-0x000dbfff] (subtractive decode)
[    0.360323] pci 0000:00:1e.0:   bridge window [mem 0x7c000000-0xfeafffff] (subtractive decode)
[    0.360359] pci_bus 0000:00: on NUMA node 0
[    0.360997] ACPI: PCI Interrupt Link [LNKA] (IRQs 1 3 4 5 6 7 10 12 14 15) *11
[    0.361066] ACPI: PCI Interrupt Link [LNKB] (IRQs 1 3 4 5 6 7 11 12 14 15) *10
[    0.361132] ACPI: PCI Interrupt Link [LNKC] (IRQs 1 3 4 5 6 7 *10 12 14 15)
[    0.361197] ACPI: PCI Interrupt Link [LNKD] (IRQs 1 3 4 *5 6 7 11 12 14 15)
[    0.361262] ACPI: PCI Interrupt Link [LNKE] (IRQs 1 3 4 5 6 7 10 12 14 15) *0, disabled.
[    0.361328] ACPI: PCI Interrupt Link [LNKF] (IRQs 1 3 4 5 6 7 11 12 14 15) *0, disabled.
[    0.361393] ACPI: PCI Interrupt Link [LNKG] (IRQs 1 3 4 5 6 *7 10 12 14 15)
[    0.361459] ACPI: PCI Interrupt Link [LNKH] (IRQs 1 3 4 5 6 7 *11 12 14 15)
[    0.361516] ACPI: PCI Root Bridge [CPBG] (domain 0000 [bus ff])
[    0.361521] acpi PNP0A03:00: _OSC: OS supports [ExtendedConfig ASPM ClockPM Segments MSI]
[    0.361527] acpi PNP0A03:00: _OSC failed (AE_NOT_FOUND); disabling ASPM
[    0.361616] PCI host bridge to bus 0000:ff
[    0.361619] pci_bus 0000:ff: root bus resource [bus ff]
[    0.361626] pci 0000:ff:00.0: [8086:2c62] type 00 class 0x060000
[    0.361690] pci 0000:ff:00.1: [8086:2d01] type 00 class 0x060000
[    0.361756] pci 0000:ff:02.0: [8086:2d10] type 00 class 0x060000
[    0.361816] pci 0000:ff:02.1: [8086:2d11] type 00 class 0x060000
[    0.361875] pci 0000:ff:02.2: [8086:2d12] type 00 class 0x060000
[    0.361934] pci 0000:ff:02.3: [8086:2d13] type 00 class 0x060000
[    0.362006] pci_bus 0000:ff: on NUMA node 0
[    0.362211] ACPI: Enabled 7 GPEs in block 00 to 3F
[    0.362434] ACPI : EC: GPE = 0x17, I/O: command/status = 0x66, data = 0x62
[    0.362567] vgaarb: device added: PCI:0000:00:02.0,decodes=io+mem,owns=io+mem,locks=none
[    0.362572] vgaarb: loaded
[    0.362573] vgaarb: bridge control possible 0000:00:02.0
[    0.362905] SCSI subsystem initialized
[    0.362948] libata version 3.00 loaded.
[    0.362984] ACPI: bus type USB registered
[    0.363008] usbcore: registered new interface driver usbfs
[    0.363021] usbcore: registered new interface driver hub
[    0.363050] usbcore: registered new device driver usb
[    0.363219] PCI: Using ACPI for IRQ routing
[    0.373426] PCI: pci_cache_line_size set to 64 bytes
[    0.373524] e820: reserve RAM buffer [mem 0x0009c400-0x0009ffff]
[    0.373526] e820: reserve RAM buffer [mem 0x7327c000-0x73ffffff]
[    0.373530] e820: reserve RAM buffer [mem 0x733e5000-0x73ffffff]
[    0.373533] e820: reserve RAM buffer [mem 0x7346f000-0x73ffffff]
[    0.373535] e820: reserve RAM buffer [mem 0x73717000-0x73ffffff]
[    0.373538] e820: reserve RAM buffer [mem 0x7377e000-0x73ffffff]
[    0.373540] e820: reserve RAM buffer [mem 0x737e0000-0x73ffffff]
[    0.373542] e820: reserve RAM buffer [mem 0x73800000-0x73ffffff]
[    0.373690] NetLabel: Initializing
[    0.373692] NetLabel:  domain hash size = 128
[    0.373693] NetLabel:  protocols = UNLABELED CIPSOv4
[    0.373708] NetLabel:  unlabeled traffic allowed by default
[    0.373851] hpet0: at MMIO 0xfed00000, IRQs 2, 8, 0, 0, 0, 0, 0, 0
[    0.373858] hpet0: 8 comparators, 64-bit 14.318180 MHz counter
[    0.375906] Switched to clocksource hpet
[    0.384838] AppArmor: AppArmor Filesystem Enabled
[    0.384884] pnp: PnP ACPI init
[    0.384907] ACPI: bus type PNP registered
[    0.385102] system 00:00: [io  0x0500-0x050f] has been reserved
[    0.385105] system 00:00: [io  0xffff] has been reserved
[    0.385109] system 00:00: [io  0xffff] has been reserved
[    0.385112] system 00:00: [io  0x0400-0x047f] could not be reserved
[    0.385115] system 00:00: [io  0x1180-0x11ff] has been reserved
[    0.385117] system 00:00: [io  0xfe00] has been reserved
[    0.385122] system 00:00: [mem 0xff800000-0xff800fff] has been reserved
[    0.385126] system 00:00: Plug and Play ACPI device, IDs PNP0c02 (active)
[    0.385186] pnp 00:01: Plug and Play ACPI device, IDs PNP0b00 (active)
[    0.385282] pnp 00:02: Plug and Play ACPI device, IDs PNP0303 (active)
[    0.385323] pnp 00:03: Plug and Play ACPI device, IDs ETD0600 SYN0300 SYN0002 PNP0f13 (active)
[    0.385735] system 00:04: [mem 0xfed1c000-0xfed1ffff] has been reserved
[    0.385738] system 00:04: [mem 0xfed10000-0xfed13fff] has been reserved
[    0.385741] system 00:04: [mem 0xfed18000-0xfed18fff] has been reserved
[    0.385743] system 00:04: [mem 0xfed19000-0xfed19fff] has been reserved
[    0.385746] system 00:04: [mem 0xe0000000-0xefffffff] has been reserved
[    0.385749] system 00:04: [mem 0xfeaff000-0xfeafffff] has been reserved
[    0.385752] system 00:04: [mem 0xfed20000-0xfed3ffff] has been reserved
[    0.385754] system 00:04: [mem 0xfed40000-0xfed44fff] has been reserved
[    0.385757] system 00:04: [mem 0xfed45000-0xfed8ffff] has been reserved
[    0.385760] system 00:04: [mem 0xff000000-0xffffffff] could not be reserved
[    0.385763] system 00:04: [mem 0xfee00000-0xfeefffff] could not be reserved
[    0.385766] system 00:04: [mem 0xfe800000-0xfe80ffff] has been reserved
[    0.385769] system 00:04: Plug and Play ACPI device, IDs PNP0c02 (active)
[    0.385911] pnp: PnP ACPI: found 5 devices
[    0.385913] ACPI: bus type PNP unregistered
[    0.385918] PnPBIOS: Disabled by ACPI PNP
[    0.423518] pci 0000:00:1c.0: bridge window [mem 0x00100000-0x000fffff 64bit pref] to [bus 03] add_size 200000
[    0.423531] pci 0000:00:1c.1: bridge window [io  0x1000-0x0fff] to [bus 04] add_size 1000
[    0.423535] pci 0000:00:1c.1: bridge window [mem 0x00100000-0x000fffff 64bit pref] to [bus 04] add_size 200000
[    0.423559] pci 0000:00:1c.0: res[15]=[mem 0x00100000-0x000fffff 64bit pref] get_res_add_size add_size 200000
[    0.423562] pci 0000:00:1c.1: res[15]=[mem 0x00100000-0x000fffff 64bit pref] get_res_add_size add_size 200000
[    0.423564] pci 0000:00:1c.1: res[13]=[io  0x1000-0x0fff] get_res_add_size add_size 1000
[    0.423577] pci 0000:00:1c.0: BAR 15: assigned [mem 0x7c000000-0x7c1fffff 64bit pref]
[    0.423586] pci 0000:00:1c.1: BAR 15: assigned [mem 0x7c200000-0x7c3fffff 64bit pref]
[    0.423590] pci 0000:00:1c.1: BAR 13: assigned [io  0x4000-0x4fff]
[    0.423593] pci 0000:00:1c.0: PCI bridge to [bus 03]
[    0.423597] pci 0000:00:1c.0:   bridge window [io  0x2000-0x2fff]
[    0.423605] pci 0000:00:1c.0:   bridge window [mem 0xf2400000-0xf24fffff]
[    0.423610] pci 0000:00:1c.0:   bridge window [mem 0x7c000000-0x7c1fffff 64bit pref]
[    0.423619] pci 0000:00:1c.1: PCI bridge to [bus 04]
[    0.423622] pci 0000:00:1c.1:   bridge window [io  0x4000-0x4fff]
[    0.423629] pci 0000:00:1c.1:   bridge window [mem 0xf2500000-0xf25fffff]
[    0.423635] pci 0000:00:1c.1:   bridge window [mem 0x7c200000-0x7c3fffff 64bit pref]
[    0.423643] pci 0000:00:1c.3: PCI bridge to [bus 05-06]
[    0.423647] pci 0000:00:1c.3:   bridge window [io  0x3000-0x3fff]
[    0.423654] pci 0000:00:1c.3:   bridge window [mem 0xf1000000-0xf1ffffff]
[    0.423660] pci 0000:00:1c.3:   bridge window [mem 0xf0000000-0xf0ffffff 64bit pref]
[    0.423668] pci 0000:00:1e.0: PCI bridge to [bus 0f]
[    0.423684] pci_bus 0000:00: resource 4 [io  0x0000-0x0cf7]
[    0.423686] pci_bus 0000:00: resource 5 [io  0x0d00-0xffff]
[    0.423689] pci_bus 0000:00: resource 6 [mem 0x000a0000-0x000bffff]
[    0.423691] pci_bus 0000:00: resource 7 [mem 0x000d4000-0x000d7fff]
[    0.423693] pci_bus 0000:00: resource 8 [mem 0x000d8000-0x000dbfff]
[    0.423695] pci_bus 0000:00: resource 9 [mem 0x7c000000-0xfeafffff]
[    0.423698] pci_bus 0000:03: resource 0 [io  0x2000-0x2fff]
[    0.423700] pci_bus 0000:03: resource 1 [mem 0xf2400000-0xf24fffff]
[    0.423703] pci_bus 0000:03: resource 2 [mem 0x7c000000-0x7c1fffff 64bit pref]
[    0.423705] pci_bus 0000:04: resource 0 [io  0x4000-0x4fff]
[    0.423707] pci_bus 0000:04: resource 1 [mem 0xf2500000-0xf25fffff]
[    0.423710] pci_bus 0000:04: resource 2 [mem 0x7c200000-0x7c3fffff 64bit pref]
[    0.423712] pci_bus 0000:05: resource 0 [io  0x3000-0x3fff]
[    0.423714] pci_bus 0000:05: resource 1 [mem 0xf1000000-0xf1ffffff]
[    0.423717] pci_bus 0000:05: resource 2 [mem 0xf0000000-0xf0ffffff 64bit pref]
[    0.423719] pci_bus 0000:0f: resource 4 [io  0x0000-0x0cf7]
[    0.423722] pci_bus 0000:0f: resource 5 [io  0x0d00-0xffff]
[    0.423724] pci_bus 0000:0f: resource 6 [mem 0x000a0000-0x000bffff]
[    0.423726] pci_bus 0000:0f: resource 7 [mem 0x000d4000-0x000d7fff]
[    0.423728] pci_bus 0000:0f: resource 8 [mem 0x000d8000-0x000dbfff]
[    0.423731] pci_bus 0000:0f: resource 9 [mem 0x7c000000-0xfeafffff]
[    0.423765] NET: Registered protocol family 2
[    0.423990] TCP established hash table entries: 8192 (order: 3, 32768 bytes)
[    0.424006] TCP bind hash table entries: 8192 (order: 4, 65536 bytes)
[    0.424024] TCP: Hash tables configured (established 8192 bind 8192)
[    0.424041] TCP: reno registered
[    0.424043] UDP hash table entries: 512 (order: 2, 16384 bytes)
[    0.424048] UDP-Lite hash table entries: 512 (order: 2, 16384 bytes)
[    0.424096] NET: Registered protocol family 1
[    0.424114] pci 0000:00:02.0: Boot video device
[    0.424766] PCI: CLS 64 bytes, default 64
[    0.424826] Trying to unpack rootfs image as initramfs...
[    0.865733] Freeing initrd memory: 19564K (f59ba000 - f6cd5000)
[    0.865859] Simple Boot Flag at 0x36 set to 0x1
[    0.866071] microcode: CPU0 sig=0x20655, pf=0x10, revision=0x2
[    0.866078] microcode: CPU1 sig=0x20655, pf=0x10, revision=0x2
[    0.866160] microcode: Microcode Update Driver: v2.00 <tigran@aivazian.fsnet.co.uk>, Peter Oruba
[    0.866196] Scanning for low memory corruption every 60 seconds
[    0.866521] futex hash table entries: 512 (order: 3, 32768 bytes)
[    0.866538] Initialise system trusted keyring
[    0.866565] audit: initializing netlink subsys (disabled)
[    0.866585] audit: type=2000 audit(1443834491.744:1): initialized
[    0.866980] HugeTLB registered 2 MB page size, pre-allocated 0 pages
[    0.869214] zpool: loaded
[    0.869217] zbud: loaded
[    0.869319] VFS: Disk quotas dquot_6.5.2
[    0.869369] Dquot-cache hash table entries: 1024 (order 0, 4096 bytes)
[    0.869999] fuse init (API version 7.23)
[    0.870129] msgmni has been set to 1717
[    0.870209] Key type big_key registered
[    0.870722] Key type asymmetric registered
[    0.870725] Asymmetric key parser 'x509' registered
[    0.870746] bounce: pool size: 64 pages
[    0.870758] Block layer SCSI generic (bsg) driver version 0.4 loaded (major 252)
[    0.870810] io scheduler noop registered
[    0.870814] io scheduler deadline registered (default)
[    0.870883] io scheduler cfq registered
[    0.871695] pci_hotplug: PCI Hot Plug PCI Core version: 0.5
[    0.871717] pciehp: PCI Express Hot Plug Controller Driver version: 0.4
[    0.871789] vesafb: mode is 1024x768x32, linelength=4096, pages=0
[    0.871791] vesafb: scrolling: redraw
[    0.871793] vesafb: Truecolor: size=8:8:8:8, shift=24:16:8:0
[    0.871815] vesafb: framebuffer at 0xd0000000, mapped to 0xf8080000, using 3072k, total 3072k
[    0.871930] Console: switching to colour frame buffer device 128x48
[    0.871959] fb0: VESA VGA frame buffer device
[    0.871990] intel_idle: MWAIT substates: 0x120
[    0.871992] intel_idle: v0.4 model 0x25
[    0.871994] intel_idle: lapic_timer_reliable_states 0xffffffff
[    0.873349] ACPI: AC Adapter [ADP1] (on-line)
[    0.873518] input: Lid Switch as /devices/LNXSYSTM:00/LNXSYBUS:00/PNP0C0D:00/input/input0
[    0.875186] ACPI: Lid Switch [LID0]
[    0.875245] input: Sleep Button as /devices/LNXSYSTM:00/LNXSYBUS:00/PNP0C0E:00/input/input1
[    0.875250] ACPI: Sleep Button [SLPB]
[    0.875302] input: Power Button as /devices/LNXSYSTM:00/LNXPWRBN:00/input/input2
[    0.875305] ACPI: Power Button [PWRF]
[    0.915825] thermal LNXTHERM:00: registered as thermal_zone0
[    0.915831] ACPI: Thermal Zone [TZS0] (58 C)
[    0.932305] thermal LNXTHERM:01: registered as thermal_zone1
[    0.932311] ACPI: Thermal Zone [TZS1] (51 C)
[    0.932393] GHES: HEST is not enabled!
[    0.932543] isapnp: Scanning for PnP cards...
[    0.935766] Serial: 8250/16550 driver, 32 ports, IRQ sharing enabled
[    0.950206] Linux agpgart interface v0.103
[    0.950312] agpgart-intel 0000:00:00.0: Intel HD Graphics Chipset
[    0.950336] agpgart-intel 0000:00:00.0: detected gtt size: 2097152K total, 262144K mappable
[    0.950709] agpgart-intel 0000:00:00.0: detected 65536K stolen memory
[    0.950854] agpgart-intel 0000:00:00.0: AGP aperture is 256M @ 0xd0000000
[    0.952629] brd: module loaded
[    0.953470] loop: module loaded
[    0.953770] libphy: Fixed MDIO Bus: probed
[    0.953773] tun: Universal TUN/TAP device driver, 1.6
[    0.953774] tun: (C) 1999-2004 Max Krasnyansky <maxk@qualcomm.com>
[    0.953822] PPP generic driver version 2.4.2
[    0.953873] ehci_hcd: USB 2.0 'Enhanced' Host Controller (EHCI) Driver
[    0.953878] ehci-pci: EHCI PCI platform driver
[    0.959335] ehci-pci 0000:00:1a.0: EHCI Host Controller
[    0.959343] ehci-pci 0000:00:1a.0: new USB bus registered, assigned bus number 1
[    0.959362] ehci-pci 0000:00:1a.0: debug port 2
[    0.963386] ehci-pci 0000:00:1a.0: cache line size of 64 is not supported
[    0.963419] ehci-pci 0000:00:1a.0: irq 16, io mem 0xf2806000
[    0.971638] ehci-pci 0000:00:1a.0: USB 2.0 started, EHCI 1.00
[    0.971749] usb usb1: New USB device found, idVendor=1d6b, idProduct=0002
[    0.971751] usb usb1: New USB device strings: Mfr=3, Product=2, SerialNumber=1
[    0.971754] usb usb1: Product: EHCI Host Controller
[    0.971756] usb usb1: Manufacturer: Linux 3.16.0-23-generic ehci_hcd
[    0.971758] usb usb1: SerialNumber: 0000:00:1a.0
[    0.971911] hub 1-0:1.0: USB hub found
[    0.971919] hub 1-0:1.0: 3 ports detected
[    0.977315] ehci-pci 0000:00:1d.0: EHCI Host Controller
[    0.977323] ehci-pci 0000:00:1d.0: new USB bus registered, assigned bus number 2
[    0.977339] ehci-pci 0000:00:1d.0: debug port 2
[    0.981365] ehci-pci 0000:00:1d.0: cache line size of 64 is not supported
[    0.981396] ehci-pci 0000:00:1d.0: irq 23, io mem 0xf2807000
[    0.991634] ehci-pci 0000:00:1d.0: USB 2.0 started, EHCI 1.00
[    0.991750] usb usb2: New USB device found, idVendor=1d6b, idProduct=0002
[    0.991752] usb usb2: New USB device strings: Mfr=3, Product=2, SerialNumber=1
[    0.991755] usb usb2: Product: EHCI Host Controller
[    0.991757] usb usb2: Manufacturer: Linux 3.16.0-23-generic ehci_hcd
[    0.991759] usb usb2: SerialNumber: 0000:00:1d.0
[    0.991895] hub 2-0:1.0: USB hub found
[    0.991902] hub 2-0:1.0: 3 ports detected
[    0.992054] ehci-platform: EHCI generic platform driver
[    0.992066] ohci_hcd: USB 1.1 'Open' Host Controller (OHCI) Driver
[    0.992072] ohci-pci: OHCI PCI platform driver
[    0.992087] ohci-platform: OHCI generic platform driver
[    0.992097] uhci_hcd: USB Universal Host Controller Interface driver
[    0.992185] i8042: PNP: PS/2 Controller [PNP0303:KBD0,PNP0f13:PS2M] at 0x60,0x64 irq 1,12
[    1.015301] serio: i8042 KBD port at 0x60,0x64 irq 1
[    1.015306] serio: i8042 AUX port at 0x60,0x64 irq 12
[    1.015441] mousedev: PS/2 mouse device common for all mice
[    1.016103] rtc_cmos 00:01: RTC can wake from S4
[    1.016241] rtc_cmos 00:01: rtc core: registered rtc_cmos as rtc0
[    1.016275] rtc_cmos 00:01: alarms up to one month, y3k, 242 bytes nvram, hpet irqs
[    1.016335] device-mapper: uevent: version 1.0.3
[    1.016422] device-mapper: ioctl: 4.27.0-ioctl (2013-10-30) initialised: dm-devel@redhat.com
[    1.016450] platform eisa.0: Probing EISA bus 0
[    1.016453] platform eisa.0: EISA: Cannot allocate resource for mainboard
[    1.016456] platform eisa.0: Cannot allocate resource for EISA slot 1
[    1.016458] platform eisa.0: Cannot allocate resource for EISA slot 2
[    1.016461] platform eisa.0: Cannot allocate resource for EISA slot 3
[    1.016463] platform eisa.0: Cannot allocate resource for EISA slot 4
[    1.016465] platform eisa.0: Cannot allocate resource for EISA slot 5
[    1.016467] platform eisa.0: Cannot allocate resource for EISA slot 6
[    1.016469] platform eisa.0: Cannot allocate resource for EISA slot 7
[    1.016471] platform eisa.0: Cannot allocate resource for EISA slot 8
[    1.016474] platform eisa.0: EISA: Detected 0 cards
[    1.016494] cpufreq-nforce2: No nForce2 chipset.
[    1.016502] ledtrig-cpu: registered to indicate activity on CPUs
[    1.016640] TCP: cubic registered
[    1.016797] NET: Registered protocol family 10
[    1.017023] NET: Registered protocol family 17
[    1.017038] Key type dns_resolver registered
[    1.017271] Using IPI No-Shortcut mode
[    1.017423] Loading compiled-in X.509 certificates
[    1.021468] Loaded X.509 cert 'Magrathea: Glacier signing key: 61c0c7658fdb5bde6bb6e06ef089a8b1bfb1ae32'
[    1.021492] registered taskstats version 1
[    1.023905] Key type trusted registered
[    1.025951] Key type encrypted registered
[    1.028005] AppArmor: AppArmor sha1 policy hashing enabled
[    1.028010] ima: No TPM chip found, activating TPM-bypass!
[    1.028030] evm: HMAC attrs: 0x1
[    1.028416]   Magic number: 3:416:103
[    1.028517] rtc_cmos 00:01: setting system clock to 2015-10-03 01:08:12 UTC (1443834492)
[    1.029087] BIOS EDD facility v0.16 2004-Jun-25, 0 devices found
[    1.029089] EDD information not available.
[    1.029225] PM: Hibernation image not present or could not be loaded.
[    1.050291] input: AT Translated Set 2 keyboard as /devices/platform/i8042/serio0/input/input3
[    1.168062] ACPI: Battery Slot [BAT0] (battery present)
[    1.252033] isapnp: No Plug & Play device found
[    1.252359] Freeing unused kernel memory: 848K (c1a4d000 - c1b21000)
[    1.252454] Write protecting the kernel text: 6936k
[    1.252592] Write protecting the kernel read-only data: 2912k
[    1.252594] NX-protecting the kernel data: 5352k
[    1.269280] systemd-udevd[97]: starting version 208
[    1.269946] random: systemd-udevd urandom read with 5 bits of entropy available
[    1.283452] usb 1-1: new high-speed USB device number 2 using ehci-pci
[    1.326278] ahci 0000:00:1f.2: version 3.0
[    1.326483] ahci 0000:00:1f.2: irq 40 for MSI/MSI-X
[    1.326512] ahci 0000:00:1f.2: SSS flag set, parallel bus scan disabled
[    1.326550] ahci 0000:00:1f.2: AHCI 0001.0300 32 slots 4 ports 3 Gbps 0x11 impl SATA mode
[    1.326553] ahci 0000:00:1f.2: flags: 64bit ncq sntf ilck stag pm led clo pio slum part ems sxs apst 
[    1.336761] scsi0 : ahci
[    1.345228] scsi1 : ahci
[    1.350521] scsi2 : ahci
[    1.351916] atl1c 0000:03:00.0: version 1.0.1.1-NAPI
[    1.353651] scsi3 : ahci
[    1.355942] scsi4 : ahci
[    1.356016] ata1: SATA max UDMA/133 abar m2048@0xf2808000 port 0xf2808100 irq 40
[    1.356018] ata2: DUMMY
[    1.356020] ata3: DUMMY
[    1.356021] ata4: DUMMY
[    1.356025] ata5: SATA max UDMA/133 abar m2048@0xf2808000 port 0xf2808300 irq 40
[    1.415779] usb 1-1: New USB device found, idVendor=8087, idProduct=0020
[    1.415788] usb 1-1: New USB device strings: Mfr=0, Product=0, SerialNumber=0
[    1.416217] hub 1-1:1.0: USB hub found
[    1.416418] hub 1-1:1.0: 6 ports detected
[    1.527386] usb 2-1: new high-speed USB device number 2 using ehci-pci
[    1.659764] usb 2-1: New USB device found, idVendor=8087, idProduct=0020
[    1.659772] usb 2-1: New USB device strings: Mfr=0, Product=0, SerialNumber=0
[    1.660195] hub 2-1:1.0: USB hub found
[    1.660386] hub 2-1:1.0: 8 ports detected
[    1.679271] ata1: SATA link up 3.0 Gbps (SStatus 123 SControl 300)
[    1.685251] ata1.00: ATA-8: WDC WD5000BEVT-24A0RT0, 01.01A02, max UDMA/133
[    1.685259] ata1.00: 976773168 sectors, multi 16: LBA48 NCQ (depth 31/32), AA
[    1.687558] ata1.00: configured for UDMA/133
[    1.687865] scsi 0:0:0:0: Direct-Access     ATA      WDC WD5000BEVT-2 1A02 PQ: 0 ANSI: 5
[    1.688423] sd 0:0:0:0: [sda] 976773168 512-byte logical blocks: (500 GB/465 GiB)
[    1.688440] sd 0:0:0:0: Attached scsi generic sg0 type 0
[    1.688500] sd 0:0:0:0: [sda] Write Protect is off
[    1.688504] sd 0:0:0:0: [sda] Mode Sense: 00 3a 00 00
[    1.688535] sd 0:0:0:0: [sda] Write cache: enabled, read cache: enabled, doesn't support DPO or FUA
[    1.731356] usb 1-1.2: new full-speed USB device number 3 using ehci-pci
[    1.828158] usb 1-1.2: New USB device found, idVendor=0489, idProduct=e00d
[    1.828165] usb 1-1.2: New USB device strings: Mfr=1, Product=2, SerialNumber=3
[    1.828170] usb 1-1.2: Product: Broadcom Bluetooth 2.1 Device
[    1.828175] usb 1-1.2: Manufacturer: Broadcom Corp
[    1.828179] usb 1-1.2: SerialNumber: C0CB38E79EF7
[    1.863138] tsc: Refined TSC clocksource calibration: 1994.999 MHz
[    1.899234] usb 1-1.3: new full-speed USB device number 4 using ehci-pci
[    1.978620]  sda: sda1 sda2 sda3 < sda5 sda6 sda7 sda8 sda9 sda10 sda11 sda12 sda13 sda14 sda15 sda16 sda17 sda18 sda19 sda20 sda21 sda22 sda23 sda24 sda25 > sda4
[    1.983943] sd 0:0:0:0: [sda] Attached SCSI disk
[    1.992823] usb 1-1.3: New USB device found, idVendor=1c7a, idProduct=0801
[    1.992830] usb 1-1.3: New USB device strings: Mfr=1, Product=2, SerialNumber=3
[    1.992835] usb 1-1.3: Product: FingerPrinter Reader
[    1.992840] usb 1-1.3: Manufacturer: Generic
[    1.992844] usb 1-1.3: SerialNumber: 00000000000006
[    2.007106] ata5: SATA link up 1.5 Gbps (SStatus 113 SControl 300)
[    2.009089] ata5.00: ATAPI: HL-DT-STDVDRAM GT30N, LE09, max UDMA/66
[    2.012738] ata5.00: configured for UDMA/66
[    2.015827] scsi 4:0:0:0: CD-ROM            HL-DT-ST DVDRAM GT30N     LE09 PQ: 0 ANSI: 5
[    2.033977] sr0: scsi3-mmc drive: 24x/24x writer dvd-ram cd/rw xa/form2 cdda tray
[    2.033984] cdrom: Uniform CD-ROM driver Revision: 3.20
[    2.034188] sr 4:0:0:0: Attached scsi CD-ROM sr0
[    2.034252] sr 4:0:0:0: Attached scsi generic sg1 type 5
[    2.063176] usb 1-1.6: new high-speed USB device number 5 using ehci-pci
[    2.270680] usb 1-1.6: New USB device found, idVendor=5986, idProduct=0148
[    2.270690] usb 1-1.6: New USB device strings: Mfr=3, Product=1, SerialNumber=0
[    2.270696] usb 1-1.6: Product: Lenovo EasyCamera
[    2.270700] usb 1-1.6: Manufacturer: Bison Electronics Inc.
[    2.350283] psmouse serio1: elantech: assuming hardware version 2 (with firmware version 0x040002)
[    2.359006] usb 2-1.2: new low-speed USB device number 3 using ehci-pci
[    2.415612] psmouse serio1: elantech: Synaptics capabilities query result 0x68, 0x18, 0x0c.
[    2.456059] usb 2-1.2: New USB device found, idVendor=046d, idProduct=c05a
[    2.456066] usb 2-1.2: New USB device strings: Mfr=1, Product=2, SerialNumber=0
[    2.456072] usb 2-1.2: Product: USB Optical Mouse
[    2.456076] usb 2-1.2: Manufacturer: Logitech
[    2.526992] usb 2-1.5: new high-speed USB device number 4 using ehci-pci
[    2.655809] input: ETPS/2 Elantech Touchpad as /devices/platform/i8042/serio1/input/input5
[    2.862828] Switched to clocksource tsc
[    2.877316] usb 2-1.5: New USB device found, idVendor=0bda, idProduct=0138
[    2.877323] usb 2-1.5: New USB device strings: Mfr=1, Product=2, SerialNumber=3
[    2.877329] usb 2-1.5: Product: USB2.0-CRW
[    2.877333] usb 2-1.5: Manufacturer: Generic
[    2.877338] usb 2-1.5: SerialNumber: 20090516388200000
[    4.889417] random: nonblocking pool is initialized
[    6.271166] EXT4-fs (sda16): mounted filesystem with ordered data mode. Opts: (null)
[    9.302386] init: ureadahead main process (167) terminated with status 5
[    9.545497] init: plymouth-upstart-bridge main process (165) terminated with status 1
[    9.545532] init: plymouth-upstart-bridge main process ended, respawning
[    9.547352] init: plymouth-upstart-bridge main process (180) terminated with status 1
[    9.547364] init: plymouth-upstart-bridge main process ended, respawning
[    9.549062] init: plymouth-upstart-bridge main process (182) terminated with status 1
[    9.549080] init: plymouth-upstart-bridge main process ended, respawning
[    9.550972] init: plymouth-upstart-bridge main process (184) terminated with status 1
[    9.550985] init: plymouth-upstart-bridge main process ended, respawning
[    9.552860] init: plymouth-upstart-bridge main process (186) terminated with status 1
[    9.552873] init: plymouth-upstart-bridge main process ended, respawning
[    9.555127] init: plymouth-upstart-bridge main process (188) terminated with status 1
[    9.555146] init: plymouth-upstart-bridge main process ended, respawning
[    9.556735] init: plymouth-upstart-bridge main process (189) terminated with status 1
[    9.556747] init: plymouth-upstart-bridge main process ended, respawning
[    9.558390] init: plymouth-upstart-bridge main process (191) terminated with status 1
[    9.558409] init: plymouth-upstart-bridge main process ended, respawning
[    9.560305] init: plymouth-upstart-bridge main process (193) terminated with status 1
[    9.560318] init: plymouth-upstart-bridge main process ended, respawning
[    9.562503] init: plymouth-upstart-bridge main process (195) terminated with status 1
[    9.562538] init: plymouth-upstart-bridge main process ended, respawning
[    9.564364] init: plymouth-upstart-bridge main process (196) terminated with status 1
[    9.564381] init: plymouth-upstart-bridge respawning too fast, stopped
[   10.941006] Adding 10239996k swap on /dev/sda12.  Priority:-1 extents:1 across:10239996k FS
[   12.505903] EXT4-fs (sda16): re-mounted. Opts: errors=remount-ro
[   12.791561] EXT4-fs (sda19): mounted filesystem with ordered data mode. Opts: (null)
[   12.867820] EXT4-fs (sda17): mounted filesystem with ordered data mode. Opts: (null)
[   12.910075] EXT4-fs (sda18): mounted filesystem with ordered data mode. Opts: (null)
[   12.982329] EXT4-fs (sda20): mounted filesystem with ordered data mode. Opts: (null)
[   13.466819] EXT4-fs (sda21): mounted filesystem with ordered data mode. Opts: (null)
[   13.646526] EXT4-fs (sda22): mounted filesystem with ordered data mode. Opts: (null)
[   13.892053] systemd-udevd[394]: starting version 208
[   14.306835] lp: driver loaded but no devices found
[   14.314609] ppdev: user-space parallel port driver
[   14.760882] shpchp: Standard Hot Plug PCI Controller Driver version: 0.4
[   14.789149] ACPI Warning: SystemIO range 0x00000428-0x0000042f conflicts with OpRegion 0x00000400-0x0000047f (\PMIO) (20140424/utaddress-258)
[   14.789157] ACPI: If an ACPI driver is available for this device, you should use it instead of the native driver
[   14.789162] ACPI Warning: SystemIO range 0x000011c0-0x000011cf conflicts with OpRegion 0x00001180-0x000011e3 (\GPIO) (20140424/utaddress-258)
[   14.789166] ACPI: If an ACPI driver is available for this device, you should use it instead of the native driver
[   14.789168] ACPI Warning: SystemIO range 0x000011b0-0x000011bf conflicts with OpRegion 0x00001180-0x000011e3 (\GPIO) (20140424/utaddress-258)
[   14.789171] ACPI: If an ACPI driver is available for this device, you should use it instead of the native driver
[   14.789173] ACPI Warning: SystemIO range 0x00001180-0x000011af conflicts with OpRegion 0x00001180-0x000011e3 (\GPIO) (20140424/utaddress-258)
[   14.789176] ACPI: If an ACPI driver is available for this device, you should use it instead of the native driver
[   14.789178] lpc_ich: Resource conflict(s) found affecting gpio_ich
[   14.795144] mei_me 0000:00:16.0: irq 41 for MSI/MSI-X
[   15.009756] [drm] Initialized drm 1.1.0 20060810
[   15.076793] wmi: Mapper loaded
[   15.103184] input: Ideapad extra buttons as /devices/pci0000:00/0000:00:1f.0/PNP0C09:00/VPC2004:00/input/input6
[   15.134957] cfg80211: Calling CRDA to update world regulatory domain
[   15.185698] Bluetooth: Core ver 2.19
[   15.185723] NET: Registered protocol family 31
[   15.185725] Bluetooth: HCI device and connection manager initialized
[   15.187834] Bluetooth: HCI socket layer initialized
[   15.187838] Bluetooth: L2CAP socket layer initialized
[   15.187850] Bluetooth: SCO socket layer initialized
[   15.230124] [drm] Memory usable by graphics device = 2048M
[   15.230128] [drm] Replacing VGA console driver
[   15.230133] checking generic (d0000000 300000) vs hw (d0000000 10000000)
[   15.230135] fb: switching to inteldrmfb from VESA VGA
[   15.230162] Console: switching to colour dummy device 80x25
[   15.255841] i915 0000:00:02.0: irq 42 for MSI/MSI-X
[   15.255864] [drm] Supports vblank timestamp caching Rev 2 (21.10.2013).
[   15.255866] [drm] Driver supports precise vblank timestamp query.
[   15.255941] [drm] applying lvds SSC disable quirk
[   15.255965] vgaarb: device changed decodes: PCI:0000:00:02.0,olddecodes=io+mem,decodes=io+mem:owns=io+mem
[   15.323751] usbcore: registered new interface driver btusb
[   15.834903] wl: module license 'MIXED/Proprietary' taints kernel.
[   15.834908] Disabling lock debugging due to kernel taint
[   15.838508] wl: module verification failed: signature and/or  required key missing - tainting kernel
[   15.927159] fbcon: inteldrmfb (fb0) is primary device
[   15.927192] Console: switching to colour frame buffer device 170x48
[   15.927233] i915 0000:00:02.0: fb0: inteldrmfb frame buffer device
[   15.927235] i915 0000:00:02.0: registered panic notifier
[   15.940858] wlan0: Broadcom BCM4727 802.11 Hybrid Wireless Controller 6.30.223.248 (r487574)
[   15.963186] ACPI: Video Device [GFX0] (multi-head: yes  rom: no  post: no)
[   16.000187] acpi device:06: registered as cooling_device3
[   16.000285] input: Video Bus as /devices/LNXSYSTM:00/LNXSYBUS:00/PNP0A08:00/LNXVIDEO:01/input/input7
[   16.000416] [drm] Initialized i915 1.6.0 20080730 for 0000:00:02.0 on minor 0
[   16.000444] intel ips 0000:00:1f.6: No CPUID match found.
[   16.000448] intel ips 0000:00:1f.6: IPS not supported on this CPU
[   16.000920] snd_hda_intel 0000:00:1b.0: irq 43 for MSI/MSI-X
[   16.086845] acer_wmi: Acer Laptop ACPI-WMI Extras
[   16.096553] acer_wmi: Brightness must be controlled by acpi video driver
[   16.099921] input: Acer BMA150 accelerometer as /devices/virtual/input/input8
[   16.100270] sound hdaudioC0D0: autoconfig: line_outs=1 (0x14/0x0/0x0/0x0/0x0) type:speaker
[   16.100275] sound hdaudioC0D0:    speaker_outs=0 (0x0/0x0/0x0/0x0/0x0)
[   16.100277] sound hdaudioC0D0:    hp_outs=1 (0x21/0x0/0x0/0x0/0x0)
[   16.100279] sound hdaudioC0D0:    mono: mono_out=0x0
[   16.100281] sound hdaudioC0D0:    inputs:
[   16.100284] sound hdaudioC0D0:      Mic=0x18
[   16.100286] sound hdaudioC0D0:      Internal Mic=0x12
[   16.108984] input: HDA Intel MID Mic as /devices/pci0000:00/0000:00:1b.0/sound/card0/input9
[   16.109077] input: HDA Intel MID Headphone as /devices/pci0000:00/0000:00:1b.0/sound/card0/input10
[   16.180779] hidraw: raw HID events driver (C) Jiri Kosina
[   16.239033] media: Linux media interface: v0.10
[   16.245591] usbcore: registered new interface driver usbhid
[   16.245594] usbhid: USB HID core driver
[   16.266249] input: Logitech USB Optical Mouse as /devices/pci0000:00/0000:00:1d.0/usb2/2-1/2-1.2/2-1.2:1.0/0003:046D:C05A.0001/input/input11
[   16.266513] hid-generic 0003:046D:C05A.0001: input,hidraw0: USB HID v1.11 Mouse [Logitech USB Optical Mouse] on usb-0000:00:1d.0-1.2/input0
[   16.370179] Linux video capture interface: v2.00
[   16.625105] usbcore: registered new interface driver usb-storage
[   16.671685] usbcore: registered new interface driver uas
[   16.679027] ums-realtek 2-1.5:1.0: USB Mass Storage device detected
[   16.699054] scsi5 : usb-storage 2-1.5:1.0
[   16.699160] usbcore: registered new interface driver ums-realtek
[   16.752867] cfg80211: World regulatory domain updated:
[   16.752870] cfg80211:  DFS Master region: unset
[   16.752872] cfg80211:   (start_freq - end_freq @ bandwidth), (max_antenna_gain, max_eirp), (dfs_cac_time)
[   16.752875] cfg80211:   (2402000 KHz - 2472000 KHz @ 40000 KHz), (300 mBi, 2000 mBm), (N/A)
[   16.752878] cfg80211:   (2457000 KHz - 2482000 KHz @ 40000 KHz), (300 mBi, 2000 mBm), (N/A)
[   16.752880] cfg80211:   (2474000 KHz - 2494000 KHz @ 20000 KHz), (300 mBi, 2000 mBm), (N/A)
[   16.752882] cfg80211:   (5170000 KHz - 5250000 KHz @ 40000 KHz), (300 mBi, 2000 mBm), (N/A)
[   16.752884] cfg80211:   (5735000 KHz - 5835000 KHz @ 40000 KHz), (300 mBi, 2000 mBm), (N/A)
[   16.776113] uvcvideo: Found UVC 1.00 device Lenovo EasyCamera (5986:0148)
[   16.779964] input: Lenovo EasyCamera as /devices/pci0000:00/0000:00:1a.0/usb1/1-1/1-1.6/1-1.6:1.0/input/input12
[   16.780146] usbcore: registered new interface driver uvcvideo
[   16.780149] USB Video Class driver (1.1.1)
[   16.847366] usb 2-1.5: USB disconnect, device number 4
[   16.848181] audit: type=1400 audit(1443814708.324:2): apparmor="STATUS" operation="profile_load" profile="unconfined" name="/sbin/dhclient" pid=472 comm="apparmor_parser"
[   16.848189] audit: type=1400 audit(1443814708.324:3): apparmor="STATUS" operation="profile_load" profile="unconfined" name="/usr/lib/NetworkManager/nm-dhcp-client.action" pid=472 comm="apparmor_parser"
[   16.848194] audit: type=1400 audit(1443814708.324:4): apparmor="STATUS" operation="profile_load" profile="unconfined" name="/usr/lib/connman/scripts/dhclient-script" pid=472 comm="apparmor_parser"
[   16.848848] audit: type=1400 audit(1443814708.324:5): apparmor="STATUS" operation="profile_replace" profile="unconfined" name="/sbin/dhclient" pid=523 comm="apparmor_parser"
[   16.848856] audit: type=1400 audit(1443814708.324:6): apparmor="STATUS" operation="profile_replace" profile="unconfined" name="/usr/lib/NetworkManager/nm-dhcp-client.action" pid=523 comm="apparmor_parser"
[   16.848861] audit: type=1400 audit(1443814708.324:7): apparmor="STATUS" operation="profile_replace" profile="unconfined" name="/usr/lib/connman/scripts/dhclient-script" pid=523 comm="apparmor_parser"
[   16.849399] audit: type=1400 audit(1443814708.324:8): apparmor="STATUS" operation="profile_replace" profile="unconfined" name="/sbin/dhclient" pid=455 comm="apparmor_parser"
[   16.849407] audit: type=1400 audit(1443814708.324:9): apparmor="STATUS" operation="profile_replace" profile="unconfined" name="/usr/lib/NetworkManager/nm-dhcp-client.action" pid=455 comm="apparmor_parser"
[   16.849412] audit: type=1400 audit(1443814708.324:10): apparmor="STATUS" operation="profile_replace" profile="unconfined" name="/usr/lib/connman/scripts/dhclient-script" pid=455 comm="apparmor_parser"
[   26.698973] Adding 4999164k swap on /dev/sda24.  Priority:-2 extents:1 across:4999164k FS
[   28.289683] EXT4-fs (sda25): mounted filesystem with ordered data mode. Opts: (null)
[   29.682658] EXT4-fs (sda23): mounted filesystem with ordered data mode. Opts: (null)
[   29.740242] init: Error while reading from descriptor: Broken pipe
[   29.742454] init: failsafe main process (687) killed by TERM signal
[   30.963028] audit: type=1400 audit(1443814722.448:11): apparmor="STATUS" operation="profile_load" profile="unconfined" name="/usr/lib/lightdm/lightdm-guest-session" pid=846 comm="apparmor_parser"
[   30.963039] audit: type=1400 audit(1443814722.448:12): apparmor="STATUS" operation="profile_load" profile="unconfined" name="chromium" pid=846 comm="apparmor_parser"
[   30.965100] audit: type=1400 audit(1443814722.448:13): apparmor="STATUS" operation="profile_replace" profile="unconfined" name="/sbin/dhclient" pid=846 comm="apparmor_parser"
[   30.965109] audit: type=1400 audit(1443814722.448:14): apparmor="STATUS" operation="profile_replace" profile="unconfined" name="/usr/lib/NetworkManager/nm-dhcp-client.action" pid=846 comm="apparmor_parser"
[   30.965115] audit: type=1400 audit(1443814722.448:15): apparmor="STATUS" operation="profile_replace" profile="unconfined" name="/usr/lib/connman/scripts/dhclient-script" pid=846 comm="apparmor_parser"
[   31.206265] audit: type=1400 audit(1443814722.688:16): apparmor="STATUS" operation="profile_load" profile="unconfined" name="/usr/bin/evince" pid=846 comm="apparmor_parser"
[   31.206276] audit: type=1400 audit(1443814722.688:17): apparmor="STATUS" operation="profile_load" profile="unconfined" name="sanitized_helper" pid=846 comm="apparmor_parser"
[   31.206281] audit: type=1400 audit(1443814722.688:18): apparmor="STATUS" operation="profile_load" profile="unconfined" name="/usr/bin/evince-previewer" pid=846 comm="apparmor_parser"
[   31.206286] audit: type=1400 audit(1443814722.688:19): apparmor="STATUS" operation="profile_load" profile="unconfined" name="sanitized_helper" pid=846 comm="apparmor_parser"
[   31.206291] audit: type=1400 audit(1443814722.688:20): apparmor="STATUS" operation="profile_load" profile="unconfined" name="/usr/bin/evince-thumbnailer" pid=846 comm="apparmor_parser"
[   32.464286] Bluetooth: BNEP (Ethernet Emulation) ver 1.3
[   32.464290] Bluetooth: BNEP filters: protocol multicast
[   32.464299] Bluetooth: BNEP socket layer initialized
[   32.469788] Bluetooth: RFCOMM TTY layer initialized
[   32.469796] Bluetooth: RFCOMM socket layer initialized
[   32.469802] Bluetooth: RFCOMM ver 1.11
[   32.588676] init: cups main process (920) killed by HUP signal
[   32.588691] init: cups main process ended, respawning
[   37.017870] systemd-logind[1355]: New seat seat0.
[   37.052561] systemd-logind[1355]: Watching system buttons on /dev/input/event2 (Power Button)
[   37.052646] systemd-logind[1355]: Watching system buttons on /dev/input/event6 (Video Bus)
[   37.052724] systemd-logind[1355]: Watching system buttons on /dev/input/event0 (Lid Switch)
[   37.052802] systemd-logind[1355]: Watching system buttons on /dev/input/event1 (Sleep Button)
[   37.184546] atl1c 0000:03:00.0: irq 44 for MSI/MSI-X
[   37.200763] IPv6: ADDRCONF(NETDEV_UP): eth0: link is not ready
[   41.813470] systemd-logind[1355]: Failed to start unit user@112.service: Unknown unit: user@112.service
[   41.813490] systemd-logind[1355]: Failed to start user service: Unknown unit: user@112.service
[   41.820670] systemd-logind[1355]: New session c1 of user lightdm.
[   41.820697] systemd-logind[1355]: Linked /tmp/.X11-unix/X0 to /run/user/112/X11-display.
[   52.248791] systemd-logind[1355]: Failed to start unit user@1000.service: Unknown unit: user@1000.service
[   52.248800] systemd-logind[1355]: Failed to start user service: Unknown unit: user@1000.service
[   52.254617] systemd-logind[1355]: New session c2 of user pavithra.
[   52.254642] systemd-logind[1355]: Linked /tmp/.X11-unix/X0 to /run/user/1000/X11-display.
[   62.147780] audit_printk_skb: 45 callbacks suppressed
[   62.147785] audit: type=1400 audit(1443814753.658:36): apparmor="STATUS" operation="profile_replace" profile="unconfined" name="/usr/lib/cups/backend/cups-pdf" pid=2439 comm="apparmor_parser"
[   62.147796] audit: type=1400 audit(1443814753.658:37): apparmor="STATUS" operation="profile_replace" profile="unconfined" name="/usr/sbin/cupsd" pid=2439 comm="apparmor_parser"
[   62.156319] audit: type=1400 audit(1443814753.666:38): apparmor="STATUS" operation="profile_replace" profile="unconfined" name="third_party" pid=2439 comm="apparmor_parser"
[  180.808284] Hello World!
[  217.737293] Goodbye world
[  327.639661] systemd-hostnamed[3598]: Warning: nss-myhostname is not installed. Changing the local hostname might make it unresolveable. Please install nss-myhostname!
[  697.763551] perf interrupt took too long (2513 > 2500), lowering kernel.perf_event_max_sample_rate to 50000
[  698.183529] systemd-hostnamed[3769]: Warning: nss-myhostname is not installed. Changing the local hostname might make it unresolveable. Please install nss-myhostname!
[ 1124.312213] compiz[2172]: segfault at 4c ip b33459a8 sp bfdf6150 error 4 in libnux-graphics-4.0.so.0.7.0[b32ca000+cf000]
[ 3566.909858] perf interrupt took too long (5001 > 5000), lowering kernel.perf_event_max_sample_rate to 25000
